EB469A2A
F41FC5C9
0F0CFCB7
E8760501
1571553F
0B843C2C
FF6E31E3
03ED1EEC
F2DD3AD6
FDF143D7
17278887
02571CFB
010E89E4
F294687D
FF71E421
0633F819
08F4EF57
FAC69842
F95F3069
18662B6E
E8E30EB8
13422687
14AA1247
0ECF2751
EBEF8465
F417F37F
F7C4914B
08FC848D
EDD3E152
0B0FB644
EC568D45
07B01815
FFB56D28
0DF3DCB0
0AC07980
142F9F88
138BCEDD
F7B5497E
09EFF258
F0E3F73D
E886EC93
0C342689
00004984
FEFF00DF
143C71D4
057E4B09
05E2213A
11F8DC8C
0F4643BF
03D60910
F0256859
F2FF2136
13535A4D
E86F0776
FF7EBCDF
EF6577AC
17EF1CC1
0AA27D3F
0006096B
FE8DEE63
E9FB1F1B
09193D89
E91F1E5A
EA928080
01151E34
EBD624F3
0FE84D2E
0FE09A50
0B1F3A0E
EE7E4715
07FAF27E
00EE03E8
17A61305
07731753
0F043B3B
FDB09C55
FC9E9C7B
1044043F
EB2C69E4
EDA896C2
EFAB5FCF
FA8C00FE
1091A924
0F2B1070
EA0607F6
FAF67FDD
015802B9
FBD7087F
07D7CE7E
06660F1A
F599656F
FC95228E
E7C63C37
18340403
EF5BC172
EC4F91B8
F99ED83C
F0E7EA62
FF7C0074
F7F98404
1694DEB5
15044007
E9A243FC
0BE49568
F474BA89
FC244BBE
0264BF5E
1623088D
FBE31FE2
18271252
F6129F93
0A0E1067
08512326
01F4D19A
09E7C02B
08538EAB
EFE8186D
ED669596
18F43AA3
EF8E5983
E8A14A5E
030F5B7B
1317E426
087571A3
F0858BBB
F97221BD
FE094AC0
1814F73D
EED1FBBF
11C6B121
073CFC6F
F9D048C7
F08BD2C4
FC69A368
FF19E1E4
ED07D422
0479B220
F24F33CA
FA3B1FF2
042639C7
F3971E4D
F585A3F8
05DAC369
F443987C
10380427
1822176E
0B832F3E
F831A02B
04341664
EC637182
1450BE8C
12FB9153
0FE355CD
F4095182
04B7C290
E8202944
FC4351BE
F6A2CD40
EF130136
EFF0350A
FC24EFD3
EBB622B3
04ED1A5C
FE8BD49A
09CC26B6
09FE9082
06ED3197
E8AE210D
EA70B7D3
F6FAE06A
018B1013
07B8E7B2
FB618696
0FFFC279
0AEAFE96
176EB620
019112F2
F741DD5F
EC480DC6
058C4555
0DF0AB30
FC2C3286
EB8A89BE
F452D5C8
EEAECE55
F50CDE2D
FD0116FC
015B6D56
FDDF0829
12C4C1A8
00E71126
162E5E9E
06E2AD2C
16E27B81
F3090CD0
08CE5D91
F57406CA
089724FF
09C1CC64
EA664EB4
F3BD5063
F233B65F
08644248
11383838
F8391E6E
0E06A6CC
08C4401D
E755F4BE
051BC841
FA56ABDA
14CCB01C
E70EBBC9
FE1F5968
FC37AAEF
FE0BBAC0
0D820B66
F71FA39E
0E3CA9B9
FE915F1F
E8C9C353
EFCB3149
0B1680B9
FEAC9EE7
EEA2D4D4
F80E651D
055E94FA
F09656DA
0BEBDD12
F3247990
14DF0816
F473FD02
0D466674
F06EDF91
F55FFA03
EB8E4099
03CF7AE6
092B0CAD
02546451
FC495445
0738DE1B
33EF88F6
270FFAD5
20A8C635
900465F0
C4622365
7FFFFFFF
E86CE9C3
96936118
D32E61D2
80000000
336CBB31
B96789D7
FF439752
11D73E86
3DDEA2F8
7FFFFFFF
A7E1DEAE
CE97B3C9
80000000
85AB9EAF
EC29A1EF
2A8268BB
BC7EBDAE
E905211A
25B1479E
01E0F935
E5D9EC87
99E7DFD0
E6D4BA57
ED113F90
07197B47
DCE74AA8
FE9E8195
80000000
7FFFFFFF
F4F5A4FA
AB3AA2F4
A7FB327A
CE3ADF78
14D3129C
C71E9F77
41BC3123
CF1A9AB3
D9505E8A
096F364D
D2C4B37E
53B56AC1
A696A753
D80D9C26
413A352F
B8847AFF
F7C7D086
425B42CE
6FFCFB92
34427848
A89132E0
B22C4CE4
0362C5C9
80000000
424FE3CC
6ABBE180
3A106E4D
D6ED088B
4DA9296F
13D68FC9
3AF02B35
4BD4D2BA
18A5660B
E8CAF049
369F6C95
27818999
16544393
D9B749AD
15F6FF74
543EA09A
2FB08194
DE236906
EA8BCF16
CC22502B
3F691D33
20D47C74
57416281
4D7E82AF
158AA5C3
C38FEA01
0293CD61
2DE81E9C
7FFFFFFF
D1A0F648
32CE3CA8
0CE7040F
772EB080
E0CB6E64
E28B67FB
1CB72FD1
1E7FB61E
22BA7555
EB4CB1B0
2775FB9D
D6838A97
07A1DFC1
E7F7D112
A1C3729C
ED28A787
CA6DF517
02CE3BBB
48226345
7FFFFFFF
D7B260E7
7420FAF2
FAB512C5
3ACA53AA
90B2EBA0
BC958884
46E2EAE4
09E5E2BA
191852EA
BBF6611E
B8DBE8A3
94831B89
BA76672C
ED2B337F
F8687841
CD0AC65E
380155D7
B2AA5DE3
80000000
CFF4DA03
D39C53F9
E0B92413
212171BE
896752F0
D5D0640E
7D7B81E7
165B0B26
18FEAD04
DC9EACF1
07C7D6F5
D5DC2113
F71A8A92
80000000
564F5704
E3803091
0E600BDF
F55AB67C
6926BE27
3742BA8E
472262BE
52225DF7
4B9F92B8
EB97B1EF
6D3FFE35
10F30D5D
DA271BF8
FE4DB05C
0D944D5B
7FFFFFFF
EF199471
E5C9DC7B
28730DDD
1D5AEE39
C6D29543
227E0449
80000000
D5ED12FD
FE365EE2
8A00F051
5818199C
F6DD78D8
5FF1C8BE
248E3489
AF39E230
57E42449
06CB52EC
3B775C44
F1635668
FCBEF54F
B9ABA0BF
11833BB2
BD24686B
9147C9D8
F3B8B20E
DA13C4A9
2660D168
1F83111B
B9CB1875
C3EAAD30
80000000
0585661B
BEB727E4
9338924E
06D9580A
02E9FFC3
F2A2A6EA
3CF4C112
3EAC5171
46F0AE81
03BE11B4
B6A80165
4A3F70F5
CDD284FC
1924C92C
80000000
D0965515
15BE1607
C2D128C7
B573F8AB
545F9F8D
23F16E66
2B1F17DE
DED0FA91
261C7456
60A0F8EF
A38C6323
5AA86D85
3AF260A7
BCC3E116
D1357825
457EBFDB
07FDB296
3B5878D3
7FFFFFFF
A2EBD7EE
E354BA0C
231C93A9
E4AC3D08
B47108EC
276DBD1B
80000000
4E61EE98
D56F0A40
172001E8
96E5EA81
8A6FB125
60439A36
F7224A94
D9EFE7F3
CA3ED199
2DA92CE9
356A4D61
