0FBC7693
144A2305
ED596E66
14AB3601
069E32C7
EBE08466
F4ECC6F7
0258155D
16E01666
173E92C1
EEE1728C
1787966D
16DBBCA8
FF44CEED
0F03970A
EE182528
FC168B5F
14C96A2B
0E9C40FA
16F980C8
07C97B1F
E8C91C07
1174DAE9
15B31D13
08EFCF5B
0CE312DC
0C281879
FA9C817F
07C61DF3
EF8F308A
0A4D63D2
E89775DF
F4D89D3D
E94EFE6A
EBDB496C
102C429D
09BDCE6F
F6DADF94
1682D79C
E8B8E8EB
FCEFED85
FA13F2C1
0D469D69
0EC28F09
F057F827
FF7CFBF9
FD4780DD
0750CE79
0A77DEAE
0CBBFD52
F4CD1EF9
08FC31BB
07C14124
EF216E22
ECF32B9A
FFEB0F53
16FCB901
F804EFF3
04436D5E
F230CAF7
0C9037E6
F3C137AD
004C4011
09F42E9B
138B8FC7
16F6EE24
025C5BD9
EDEE6493
EE76F699
F3E01B0C
11092E4E
F3B6CFD8
0FB6D885
F32D1E9E
1576930A
F87FCACE
F0D46B51
F38DDF96
05CD5F32
FEAA18E6
F8953DDF
108A9B3F
04436160
027C7652
14DC1433
F54ABD4C
0CDC29B6
0CAFBB7F
FA05B4F4
03641DF4
EACAEF56
E9B28FC0
018A356C
0DF5572E
15B35636
ED7ECCAA
0370F15F
FE783341
E79858B4
F7DB2B7B
EF1BEEFD
0EB6D795
F68F8D73
016D3961
EF484DC2
05195E6D
F426084E
07B43664
0975F215
0C685724
FD86EEB6
EB30E9E4
F272E7BB
14AAB7DE
EE9E704B
104A7512
01EAC87E
18CE863D
EAE8A593
FD224828
EC5527CC
17184BA2
E73B516D
0DBEDA9C
0FDD7B32
126F4ACF
EB38C761
FAFD37C9
F3FE5756
0F00E065
FC9218D4
14884A0A
F017A458
F430AD66
EE46E622
EDCDAD74
1276F0B5
03FC37FE
027E35E9
EE3F6BE2
11A6CC5E
061A4E41
F88C30C3
00A99818
FB172491
EACC5FA8
F2FEED41
ED2A7B7C
F032050A
F2FF6470
FBDD04BB
E97B93A3
1422C426
163D46AA
FF8B0F75
FF766F0C
F7E2CEF6
1400B072
F9765BDA
EC8F6530
0E0339FA
FA7CA839
F315A601
FB321352
EBD29E30
ED994216
161A3F60
16CE85A9
03C2AB86
E9FD2D9B
F2BD2ED2
F8A86E02
100F48A2
E7C529FC
E926B465
EF731287
0774AD97
0B960BEA
076325F9
FD8BD2CD
0259B6BD
F5D0E804
0C3C1164
F0729FCB
0956B9BD
F02CF15B
F96C9A53
0647EAE6
0E02E942
EB0E68EB
157823F3
0DC91F4E
FF56EED2
FCCAFD6C
FD56D4FD
F65145F3
006CE929
0089E043
0FE1A27A
0EBDD796
073745A6
F9EE333A
0F943AD8
01A42AE4
F8894E93
15F33852
12CC1168
0282004E
061FAE5D
045A2C16
F16319F2
F60FF3FA
FE8BD1A1
F2863F9A
1137270D
F0BCFBA0
F24BCC7E
EF891021
F2621A5F
FCC8F173
F68E1BF9
152B4269
FC82A794
F03DA61E
143E79F5
17FCC77C
FCF18921
EC8E5379
F3E73A65
FB6F9D31
04BEAB75
F41C4F75
0524643C
0A8F8FDF
F2165BB3
ECDEF229
F5D57380
F6F05CBD
FC3555A3
00649607
7FFFFFFF
F720168F
0FE146AC
01C4D8C4
E0E54E9D
0100641A
29C90962
1BC9BE22
31F07896
A6B99C81
8C04ACA8
A29415C6
EAA2A9A3
3CC54307
523842E4
112D9D65
AF1144EC
E1EC65C3
65AB46BE
D88677FD
7FFFFFFF
3C12A420
54C87D64
0713906B
E84F8AC5
2F25E5CF
CDC3DB22
E958AC30
48E4F239
DA7AE82A
C8FDB3BE
F12A065B
941E416B
29C23074
ED6CA462
1DB7F60F
579C69B9
92D199E6
C5CD0CC8
1519A5CD
66BB3F46
03BFAFE5
E967525C
21924B8E
79DF52B6
BB3D537D
7FFFFFFF
423FD4EC
0AAA2491
EB1B7904
B15020FD
7FFFFFFF
F43438CA
80000000
3C14A649
11459128
4F1C85C4
11533101
331AA0F5
C9091D95
58520DF3
F2A1C242
1D74742D
D4A0B963
B5C071BF
0EC483AD
40118397
0B8FB387
CA005159
34265C88
704DFAC7
ECA3962E
11DF80F6
DF2ED610
7FFFFFFF
5F93A6C8
8381FB70
1ABD05D3
293E6CA8
2DCCC56E
44A24628
B962C101
30D02C2E
2ACEBF06
5AFD0556
57A9388F
7FFFFFFF
0938BE45
540E54D0
CD6DAACB
90170E2C
80000000
F5F446CC
CA2D33E5
2404F350
E38099C2
CEC90455
E4ED3602
2D9226E1
BC744B63
F52D0019
D86EA957
23EEB27E
6FF68D63
591C3F03
F340E7E1
4A639B3E
0EFB942E
80000000
BB3BB133
373A4E5C
3F297276
B1354E59
F2894B33
48AB0848
378FEE74
7FFFFFFF
BBDF4F96
D28B9703
EB63168C
ED889287
5D33409D
CFA086CE
08BD770D
FD9EAFF9
17EC1230
3EC92EC6
E59DA507
16265937
F3566DAA
80000000
2C858B38
8BF321D7
9554F337
D979794B
DCC3B1D7
8CB394AE
5698E89E
59548BD8
F948EA34
A2E26658
ABE27946
E94BF279
E1AED0A4
A6FDF966
FF268E79
0797FEF7
5B4D12C6
6668BBF7
32FCE35C
1A8627A9
CF5D66DB
2BF669C9
34B81ECF
DD23383C
0376B875
1D65B5B4
2E847B01
BAF831F8
4D0C845A
80000000
91EAC2B1
E5A87CC1
B48A5346
89462CDA
48450D22
7849A72D
872C1F68
CBF17775
35BB8BC9
F4CBD638
B9E1AE42
C06057AA
2FF49484
083BF05B
EE9871BB
A2360BED
BEB724C1
E6F66ADB
0E8809EE
7FFFFFFF
00329DFD
1A0BA9ED
1551DC6B
EB261775
F4B94E5C
64E854E7
3474CF85
BF9E022C
429DF939
72444500
B43178A5
2A7BDE28
AE24949A
20D4BF38
261FDFF3
C66AFA8E
FE28B0B6
07EB9B86
23A1E730
A3A69595
1E48AB2D
2C1A6344
786DF979
424A03A8
E0318A17
EDA68E39
0388432A
CD23A4F5
2F0A58B5
9C0E3372
F24F0E0A
32E2C3FE
0CBE97C8
E9158629
B30C0655
9F6F82EE
BAFB7477
B2FB10CD
0F04208C
E7EA953C
4A5570ED
3CB6BDD6
D25F8074
CEFF5D3B
14F6F314
216FAFF5
C4779741
F644B5EA
F9A2E4F6
F83899DD
1E5BADEB
0F6C6DB8
E9EE2354
DD7ADB86
DB17C6DA
A0BDA3F5
6B38C23C
E6C721AD
E45689CC
